== pre
graph size=(0.0,0.0)
L0 node H1 normal id=0 pos=(0.0,0.0) size=(40.0,40.0) margin=(15.0,13.0,0.0,0.0) padding=(0.0,0.0,0.0,0.0)
  port h1e east id=0 pos=(40.0,10.0) size=(4.0,4.0) anchor=(4.0,2.0) met=4.0
  port h1w west id=1 pos=(-4.0,10.0) size=(4.0,4.0) anchor=(0.0,2.0) met=-
  endlabels h1e cell rect=(43.0,-15.0,10.0,20.0) h=left v=bottom labels=[q2t,q1t,q3h]
L1 node H2 normal id=0 pos=(0.0,0.0) size=(20.0,20.0) margin=(7.0,0.0,0.0,9.0) padding=(0.0,0.0,0.0,0.0)
  port h2w west id=0 pos=(-2.0,5.0) size=(2.0,2.0) anchor=(0.0,1.0) met=4.0
  endlabels h2w cell rect=(-9.0,-7.0,6.0,6.0) h=right v=bottom labels=[q1h]
edge q1
  label q1t pos=(0.0,0.0) size=(10.0,4.0) side=- edge=q1
  label q1h pos=(0.0,0.0) size=(6.0,6.0) side=- edge=q1
edge q2
  label q2t pos=(0.0,0.0) size=(7.0,3.0) side=- edge=q2
edge q3
  label q3h pos=(0.0,0.0) size=(5.0,9.0) side=- edge=q3
edge q4
  label q4t pos=(0.0,0.0) size=(4.0,4.0) side=- edge=-
== post
graph size=(0.0,0.0)
L0 node H1 normal id=0 pos=(5.0,6.0) size=(40.0,40.0) margin=(15.0,13.0,0.0,0.0) padding=(0.0,0.0,0.0,0.0)
  port h1e east id=0 pos=(40.0,10.0) size=(4.0,4.0) anchor=(4.0,2.0) met=4.0
  port h1w west id=1 pos=(-4.0,10.0) size=(4.0,4.0) anchor=(0.0,2.0) met=-
L1 node H2 normal id=0 pos=(0.0,0.0) size=(20.0,20.0) margin=(7.0,0.0,0.0,9.0) padding=(0.0,0.0,0.0,0.0)
  port h2w west id=0 pos=(-2.0,5.0) size=(2.0,2.0) anchor=(0.0,1.0) met=4.0
edge q1
  label q1t pos=(48.0,-4.0) size=(10.0,4.0) side=- edge=q1
  label q1h pos=(-9.0,-7.0) size=(6.0,6.0) side=- edge=q1
edge q2
  label q2t pos=(48.0,-9.0) size=(7.0,3.0) side=- edge=q2
edge q3
  label q3h pos=(48.0,2.0) size=(5.0,9.0) side=- edge=q3
edge q4
  label q4t pos=(0.0,0.0) size=(4.0,4.0) side=- edge=-
