== sized
graph size=(0.0,0.0)
L0 node O1 normal id=0 pos=(0.0,0.0) size=(64.0,51.0) margin=(0.0,0.0,0.0,0.0) padding=(0.0,0.0,0.0,0.0)
  label Oa pos=(7.0,-14.0) size=(50.0,10.0) side=- edge=-
  label Ob pos=(0.0,55.0) size=(30.0,10.0) side=- edge=-
  label Oc pos=(-24.0,37.0) size=(20.0,14.0) side=- edge=-
  label Od pos=(-24.0,0.0) size=(10.0,8.0) side=- edge=-
  label Oe pos=(5.0,5.0) size=(12.0,6.0) side=- edge=-
  label Of pos=(25.0,18.0) size=(14.0,8.0) side=- edge=-
  label Og pos=(24.0,37.0) size=(16.0,9.0) side=- edge=-
  label Oh pos=(27.5,28.0) size=(9.0,5.0) side=- edge=-
  label Oi pos=(0.0,0.0) size=(7.0,7.0) side=- edge=-
  label Oj pos=(0.0,0.0) size=(8.0,3.0) side=- edge=-
L0 node O2 normal id=0 pos=(0.0,0.0) size=(26.0,48.0) margin=(0.0,0.0,0.0,0.0) padding=(0.0,0.0,0.0,0.0)
  label Pa pos=(-12.0,0.0) size=(50.0,10.0) side=- edge=-
  label Pb pos=(0.0,38.0) size=(30.0,10.0) side=- edge=-
  label Pc pos=(0.0,34.0) size=(20.0,14.0) side=- edge=-
  label Pd pos=(0.0,0.0) size=(10.0,8.0) side=- edge=-
  label Pe pos=(5.0,5.0) size=(12.0,6.0) side=- edge=-
  label Pf pos=(6.0,15.0) size=(14.0,8.0) side=- edge=-
  label Pg pos=(5.0,34.0) size=(16.0,9.0) side=- edge=-
  label Ph pos=(8.5,25.0) size=(9.0,5.0) side=- edge=-
  label Pi pos=(0.0,0.0) size=(7.0,7.0) side=- edge=-
  label Pj pos=(0.0,0.0) size=(8.0,3.0) side=- edge=-
L1 node O3 normal id=0 pos=(0.0,0.0) size=(100.0,51.0) margin=(0.0,0.0,0.0,0.0) padding=(5.0,37.0,31.0,5.0)
  label Qa pos=(25.0,-14.0) size=(50.0,10.0) side=- edge=-
  label Qb pos=(0.0,55.0) size=(30.0,10.0) side=- edge=-
  label Qc pos=(-24.0,37.0) size=(20.0,14.0) side=- edge=-
  label Qd pos=(-24.0,0.0) size=(10.0,8.0) side=- edge=-
  label Qe pos=(5.0,5.0) size=(12.0,6.0) side=- edge=-
  label Qf pos=(43.0,18.0) size=(14.0,8.0) side=- edge=-
  label Qg pos=(42.0,37.0) size=(16.0,9.0) side=- edge=-
  label Qh pos=(45.5,28.0) size=(9.0,5.0) side=- edge=-
  label Qi pos=(0.0,0.0) size=(7.0,7.0) side=- edge=-
  label Qj pos=(0.0,0.0) size=(8.0,3.0) side=- edge=-
L1 node O4 normal id=0 pos=(0.0,0.0) size=(80.0,70.0) margin=(0.0,0.0,0.0,0.0) padding=(5.0,5.0,31.0,5.0)
  label Ra pos=(15.0,-14.0) size=(50.0,10.0) side=- edge=-
  label Rb pos=(0.0,74.0) size=(30.0,10.0) side=- edge=-
  label Rc pos=(-24.0,56.0) size=(20.0,14.0) side=- edge=-
  label Rd pos=(-24.0,0.0) size=(10.0,8.0) side=- edge=-
  label Re pos=(5.0,5.0) size=(12.0,6.0) side=- edge=-
  label Rf pos=(33.0,18.0) size=(14.0,8.0) side=- edge=-
  label Rg pos=(32.0,56.0) size=(16.0,9.0) side=- edge=-
  label Rh pos=(35.5,28.0) size=(9.0,5.0) side=- edge=-
  label Ri pos=(0.0,0.0) size=(7.0,7.0) side=- edge=-
  label Rj pos=(0.0,0.0) size=(8.0,3.0) side=- edge=-
L1 node O5 normal id=0 pos=(0.0,0.0) size=(64.0,126.0) margin=(0.0,0.0,0.0,0.0) padding=(0.0,0.0,0.0,0.0)
  label Sa pos=(7.0,-14.0) size=(50.0,10.0) side=- edge=-
  label Sb pos=(0.0,130.0) size=(30.0,10.0) side=- edge=-
  label Sc pos=(-24.0,112.0) size=(20.0,14.0) side=- edge=-
  label Sd pos=(-24.0,0.0) size=(10.0,8.0) side=- edge=-
  label Se pos=(5.0,5.0) size=(12.0,6.0) side=- edge=-
  label Sf pos=(25.0,18.0) size=(14.0,8.0) side=- edge=-
  label Sg pos=(24.0,112.0) size=(16.0,9.0) side=- edge=-
  label Sh pos=(27.5,28.0) size=(9.0,5.0) side=- edge=-
  label Si pos=(0.0,0.0) size=(7.0,7.0) side=- edge=-
  label Sj pos=(0.0,0.0) size=(8.0,3.0) side=- edge=-
== margins
graph size=(0.0,0.0)
L0 node O1 normal id=0 pos=(0.0,0.0) size=(64.0,51.0) margin=(14.0,0.0,14.0,24.0) padding=(0.0,0.0,0.0,0.0)
  label Oa pos=(7.0,-14.0) size=(50.0,10.0) side=- edge=-
  label Ob pos=(0.0,55.0) size=(30.0,10.0) side=- edge=-
  label Oc pos=(-24.0,37.0) size=(20.0,14.0) side=- edge=-
  label Od pos=(-24.0,0.0) size=(10.0,8.0) side=- edge=-
  label Oe pos=(5.0,5.0) size=(12.0,6.0) side=- edge=-
  label Of pos=(25.0,18.0) size=(14.0,8.0) side=- edge=-
  label Og pos=(24.0,37.0) size=(16.0,9.0) side=- edge=-
  label Oh pos=(27.5,28.0) size=(9.0,5.0) side=- edge=-
  label Oi pos=(0.0,0.0) size=(7.0,7.0) side=- edge=-
  label Oj pos=(0.0,0.0) size=(8.0,3.0) side=- edge=-
L0 node O2 normal id=0 pos=(0.0,0.0) size=(26.0,48.0) margin=(0.0,12.0,0.0,12.0) padding=(0.0,0.0,0.0,0.0)
  label Pa pos=(-12.0,0.0) size=(50.0,10.0) side=- edge=-
  label Pb pos=(0.0,38.0) size=(30.0,10.0) side=- edge=-
  label Pc pos=(0.0,34.0) size=(20.0,14.0) side=- edge=-
  label Pd pos=(0.0,0.0) size=(10.0,8.0) side=- edge=-
  label Pe pos=(5.0,5.0) size=(12.0,6.0) side=- edge=-
  label Pf pos=(6.0,15.0) size=(14.0,8.0) side=- edge=-
  label Pg pos=(5.0,34.0) size=(16.0,9.0) side=- edge=-
  label Ph pos=(8.5,25.0) size=(9.0,5.0) side=- edge=-
  label Pi pos=(0.0,0.0) size=(7.0,7.0) side=- edge=-
  label Pj pos=(0.0,0.0) size=(8.0,3.0) side=- edge=-
L1 node O3 normal id=0 pos=(0.0,0.0) size=(100.0,51.0) margin=(14.0,0.0,14.0,24.0) padding=(5.0,37.0,31.0,5.0)
  label Qa pos=(25.0,-14.0) size=(50.0,10.0) side=- edge=-
  label Qb pos=(0.0,55.0) size=(30.0,10.0) side=- edge=-
  label Qc pos=(-24.0,37.0) size=(20.0,14.0) side=- edge=-
  label Qd pos=(-24.0,0.0) size=(10.0,8.0) side=- edge=-
  label Qe pos=(5.0,5.0) size=(12.0,6.0) side=- edge=-
  label Qf pos=(43.0,18.0) size=(14.0,8.0) side=- edge=-
  label Qg pos=(42.0,37.0) size=(16.0,9.0) side=- edge=-
  label Qh pos=(45.5,28.0) size=(9.0,5.0) side=- edge=-
  label Qi pos=(0.0,0.0) size=(7.0,7.0) side=- edge=-
  label Qj pos=(0.0,0.0) size=(8.0,3.0) side=- edge=-
L1 node O4 normal id=0 pos=(0.0,0.0) size=(80.0,70.0) margin=(14.0,0.0,14.0,24.0) padding=(5.0,5.0,31.0,5.0)
  label Ra pos=(15.0,-14.0) size=(50.0,10.0) side=- edge=-
  label Rb pos=(0.0,74.0) size=(30.0,10.0) side=- edge=-
  label Rc pos=(-24.0,56.0) size=(20.0,14.0) side=- edge=-
  label Rd pos=(-24.0,0.0) size=(10.0,8.0) side=- edge=-
  label Re pos=(5.0,5.0) size=(12.0,6.0) side=- edge=-
  label Rf pos=(33.0,18.0) size=(14.0,8.0) side=- edge=-
  label Rg pos=(32.0,56.0) size=(16.0,9.0) side=- edge=-
  label Rh pos=(35.5,28.0) size=(9.0,5.0) side=- edge=-
  label Ri pos=(0.0,0.0) size=(7.0,7.0) side=- edge=-
  label Rj pos=(0.0,0.0) size=(8.0,3.0) side=- edge=-
L1 node O5 normal id=0 pos=(0.0,0.0) size=(64.0,126.0) margin=(14.0,0.0,14.0,24.0) padding=(0.0,0.0,0.0,0.0)
  label Sa pos=(7.0,-14.0) size=(50.0,10.0) side=- edge=-
  label Sb pos=(0.0,130.0) size=(30.0,10.0) side=- edge=-
  label Sc pos=(-24.0,112.0) size=(20.0,14.0) side=- edge=-
  label Sd pos=(-24.0,0.0) size=(10.0,8.0) side=- edge=-
  label Se pos=(5.0,5.0) size=(12.0,6.0) side=- edge=-
  label Sf pos=(25.0,18.0) size=(14.0,8.0) side=- edge=-
  label Sg pos=(24.0,112.0) size=(16.0,9.0) side=- edge=-
  label Sh pos=(27.5,28.0) size=(9.0,5.0) side=- edge=-
  label Si pos=(0.0,0.0) size=(7.0,7.0) side=- edge=-
  label Sj pos=(0.0,0.0) size=(8.0,3.0) side=- edge=-
insidePadding O3 (11.0,0.0,14.0,17.0)
insidePadding O3 (11.0,0.0,14.0,17.0)
insidePadding O4 (11.0,0.0,14.0,17.0)
